// Jest Snapshot v1, https://goo.gl/fbAQLP

exports[`Nome deve seguir a estrutura definida  1`] = `
<nome
  id="3"
  onChange={[Function]}
  state=""
>
  <campoTexto
    divClasse="input-field col s12"
    id="3"
    label="Nome (m치ximo de 40 caracteres)"
    maxLen={40}
    onChange={[Function]}
    placeholder="Nome (m치ximo de 40 caracteres)"
    state=""
    type="text"
    validacoes={
      Array [
        [Function],
      ]
    }
  >
    <div
      className="input-field col s12"
    >
      <input
        id="3"
        maxLength={40}
        placeholder="Nome (m치ximo de 40 caracteres)"
        type="text"
      />
      <label
        className="active"
        data-success="right"
        htmlFor="3"
      >
        Nome (m치ximo de 40 caracteres)
      </label>
    </div>
  </campoTexto>
</nome>
`;
