// Jest Snapshot v1, https://goo.gl/fbAQLP

exports[`Estatistica possui a mesma estrutura 1`] = `
<div
  id="estatistica"
>
  <div
    id="nosso-objetivo"
  >
    <div
      className="retangular-bloco"
    />
    <h6>
      Nosso Objetivo 
    </h6>
    <p>
      Buscamos dar visibilidade para crimes contra negros a partir de uma base de dados acess√≠vel, transparente e atualizada. 
    </p>
  </div>
  <Racismo
    key="racismo"
  />
  <div
    id="rectangle2"
  >
    <div
      id="rectangle21"
    >
      <Injuria
        key="injuria"
      />
      <VitimasMulheres
        key="vitimasMulheres"
      />
    </div>
    <div
      id="rectangle22"
    >
      <VitimasAte29Anos
        key="vitimasAte29Anos"
      />
      <TotalDeDenuncia
        key="totalDeDenuncia"
      />
    </div>
  </div>
</div>
`;
