// Jest Snapshot v1, https://goo.gl/fbAQLP

exports[`Racismo deve construir a pagina corretamente  1`] = `
<TipoDeEstatistica
  categoria="Racismo"
  id="vermelho"
  numero="0"
/>
`;
