// Jest Snapshot v1, https://goo.gl/fbAQLP

exports[`Home possui a mesma estrutura 1`] = `
<div>
  <div
    id="banner"
  >
    <div
      id="banner__blur"
    />
  </div>
</div>
`;
