// Jest Snapshot v1, https://goo.gl/fbAQLP

exports[`Menu deve construir a pagina corretamente  1`] = `
<div
  className="col s12 m6 menu"
>
  <div
    className="logo"
  >
    <Link
      replace={false}
      to="/"
    >
      <img
        alt="Logo Verdade Seja Dita"
        src="logo.svg"
      />
    </Link>
  </div>
  <div
    className="mobile_nav"
    key="7"
  >
    <a
      onClick={[Function]}
      role="button"
      tabIndex="0"
    >
      <i
        className="material-icons icon-white"
      >
        menu
      </i>
    </a>
  </div>
</div>
`;
