// Jest Snapshot v1, https://goo.gl/fbAQLP

exports[`Checkbox deve possuir estrutura definida  1`] = `
<div
  className=""
>
  <Field
    component="input"
    id="souAVitima"
    name="souAVitima"
    onChange={[Function]}
    type="checkbox"
  />
  <label
    htmlFor="souAVitima"
  >
    Sou a VÃ­tima
  </label>
</div>
`;
