// Jest Snapshot v1, https://goo.gl/fbAQLP

exports[`Routes n√£o deve possuir estrutura definida  1`] = `
<BrowserRouter>
  <div>
    <Route
      component={[Function]}
      path="/"
    />
    <Switch>
      <Route
        component={[Function]}
        exact={true}
        path="/"
      />
      <Route
        component={[Function]}
        exact={true}
        path="/coletivo-enegrecer"
      />
    </Switch>
    <Route
      component={[Function]}
      path="/"
    />
  </div>
</BrowserRouter>
`;
