// Jest Snapshot v1, https://goo.gl/fbAQLP

exports[`Data deve possuir estrutura definida  1`] = `
<data
  divClasse=""
  divClasses="estado"
  id="13"
  label="Data"
  onChange={[Function]}
>
  <campoTexto
    divClasse=""
    id="13"
    inputClasse="validate timepicker"
    label="Data"
    maxLen={0}
    onChange={[Function]}
    placeholder=""
    type="date"
  >
    <div
      className=""
    >
      <input
        className="validate timepicker"
        id="13"
        maxLength={0}
        onChange={[Function]}
        type="date"
      />
      <label
        className="active"
        htmlFor="13"
      >
        Data
      </label>
    </div>
  </campoTexto>
</data>
`;
