// Jest Snapshot v1, https://goo.gl/fbAQLP

exports[`Sobre possui a mesma estrutura 1`] = `
<div>
  <h1
    id="sobre"
  >
    Sobre Verdade Seja Dita
  </h1>
  <p>
    Somos mulheres e homens e definimos a nossa atuação na defesa e promoção dos direitos da população negra e na construção de uma sociedade onde os valores de justiça, equidade e solidariedade são fundamentais. Consideramos o racismo e a discriminação racial como mecanismos combinados que estruturam as relações sociais, cujos resultados diretos se expressam em prejuízos para as negras e negros. O racista brasileiro não tem nada de cordial e amistoso como muitos imaginam e sustentam. Pelo contrário.  Nosso objetivo é criar e aplicar novas tecnologias para a luta políticas dos negros e negras contra o racismo; produzindo sobre o contexto atual das questões envolvendo os nossos direitos.
  </p>
</div>
`;
