// Jest Snapshot v1, https://goo.gl/fbAQLP

exports[`DenuncianteForm deve seguir a estrutura definida  1`] = `
<div>
  <br />
  <h4>
    Você poderia nos passar algumas informações suas?
  </h4>
  <br />
  <p>
     Não se preocupe sua identidade será mantida em sigilo. Essas informações são importantes para futuramente darmos um retorno das medidas que estão sendo tomadas contra esse agressor. 
  </p>
  <div
    className="row"
  >
    <nome
      id="nome-vitima"
      onChange={[Function]}
      state="nomeDenunciante"
    />
    <campoTexto
      divClasse="input-field col s6"
      id="email-denunciante"
      label="Email"
      maxLen={40}
      state="emailDenunciante"
      type="text"
    />
  </div>
  <div
    className="row"
  >
    <telefone
      divClasse="col s6"
      id="telefone-denunciante"
      label="Telefone"
      state="telefoneDenunciante"
    />
    <combobox
      divClasse="col s6"
      id="cidade-denunciante"
      itens={
        Array [
          "Belo Horizonte",
        ]
      }
      label="Cidade *"
      state="cidadeDenunciante"
      valorPadrao=""
    />
  </div>
  <div
    className="row"
  >
    <genero
      divClasse="col s6"
      id="genero-denunciante"
      state="generoDenunciante"
    />
    <Data
      divClasse="input-field col s6"
      id="data-nascimento-denunciante"
      label="Data de Nascimento"
      state="dataNascimentoDenunciante"
    />
  </div>
  <div
    className="row"
  >
    <comboRaca
      classes="col s6"
      divClasse=""
      id="raca-denunciante"
      somenteRacasVitima={true}
      state="racaDenunciante"
    />
  </div>
</div>
`;
