// Jest Snapshot v1, https://goo.gl/fbAQLP

exports[`Validações deve criar campo de validacão 1`] = `undefined`;
